// Jest Snapshot v1, https://goo.gl/fbAQLP

exports[`ErrorBoundary Snapshot renders children when no error 1`] = `null`;

exports[`ErrorBoundary Snapshot renders children when there is no error 1`] = `
<View>
  <Text>
    Test Content
  </Text>
</View>
`;

exports[`ErrorBoundary Snapshot renders error UI when there is an error 1`] = `
<View
  style={
    {
      "alignItems": "center",
      "backgroundColor": "#fff",
      "flex": 1,
      "justifyContent": "center",
      "padding": 20,
    }
  }
>
  <Text
    style={
      {
        "fontSize": 50,
        "marginBottom": 16,
      }
    }
  >
    💥
  </Text>
  <Text
    style={
      {
        "fontSize": 20,
        "fontWeight": "bold",
        "marginBottom": 10,
      }
    }
  >
    Bir şeyler ters gitti
  </Text>
  <Text
    style={
      {
        "color": "#666",
        "marginBottom": 20,
        "textAlign": "center",
      }
    }
  >
    Test error message
  </Text>
  <View
    accessibilityState={
      {
        "busy": undefined,
        "checked": undefined,
        "disabled": undefined,
        "expanded": undefined,
        "selected": undefined,
      }
    }
    accessibilityValue={
      {
        "max": undefined,
        "min": undefined,
        "now": undefined,
        "text": undefined,
      }
    }
    accessible={true}
    collapsable={false}
    focusable={true}
    onBlur={[Function]}
    onClick={[Function]}
    onFocus={[Function]}
    onResponderGrant={[Function]}
    onResponderMove={[Function]}
    onResponderRelease={[Function]}
    onResponderTerminate={[Function]}
    onResponderTerminationRequest={[Function]}
    onStartShouldSetResponder={[Function]}
    style={
      {
        "backgroundColor": "#E50914",
        "borderRadius": 8,
        "padding": 16,
      }
    }
  >
    <Text
      style={
        {
          "color": "white",
          "fontWeight": "600",
        }
      }
    >
      Tekrar Dene
    </Text>
  </View>
</View>
`;
